[2026-04-30T11:54:42.035+0530][gc] Using G1
[2026-04-30T11:54:42.041+0530][gc,init] Version: 17.0.8+9-LTS-211 (release)
[2026-04-30T11:54:42.041+0530][gc,init] CPUs: 8 total, 8 available
[2026-04-30T11:54:42.041+0530][gc,init] Memory: 16384M
[2026-04-30T11:54:42.041+0530][gc,init] Large Page Support: Disabled
[2026-04-30T11:54:42.041+0530][gc,init] NUMA Support: Disabled
[2026-04-30T11:54:42.041+0530][gc,init] Compressed Oops: Enabled (Zero based)
[2026-04-30T11:54:42.041+0530][gc,init] Heap Region Size: 1M
[2026-04-30T11:54:42.041+0530][gc,init] Heap Min Capacity: 1G
[2026-04-30T11:54:42.041+0530][gc,init] Heap Initial Capacity: 1G
[2026-04-30T11:54:42.041+0530][gc,init] Heap Max Capacity: 1G
[2026-04-30T11:54:42.041+0530][gc,init] Pre-touch: Disabled
[2026-04-30T11:54:42.041+0530][gc,init] Parallel Workers: 8
[2026-04-30T11:54:42.041+0530][gc,init] Concurrent Workers: 2
[2026-04-30T11:54:42.041+0530][gc,init] Concurrent Refinement Workers: 8
[2026-04-30T11:54:42.041+0530][gc,init] Periodic GC: Disabled
[2026-04-30T11:54:42.048+0530][gc,metaspace] CDS archive(s) mapped at: [0x000000012b000000-0x000000012bbe4000-0x000000012bbe4000), size 12468224, SharedBaseAddress: 0x000000012b000000, ArchiveRelocationMode: 1.
[2026-04-30T11:54:42.048+0530][gc,metaspace] Compressed class space mapped at: 0x000000012c000000-0x000000016c000000, reserved size: 1073741824
[2026-04-30T11:54:42.048+0530][gc,metaspace] Narrow klass base: 0x000000012b000000, Narrow klass shift: 0, Narrow klass range: 0x100000000
[2026-04-30T11:54:43.455+0530][gc,start    ] GC(0) Pause Young (Normal) (G1 Evacuation Pause)
[2026-04-30T11:54:43.456+0530][gc,task     ] GC(0) Using 8 workers of 8 for evacuation
[2026-04-30T11:54:43.461+0530][gc,phases   ] GC(0)   Pre Evacuate Collection Set: 0.1ms
[2026-04-30T11:54:43.461+0530][gc,phases   ] GC(0)   Merge Heap Roots: 0.1ms
[2026-04-30T11:54:43.461+0530][gc,phases   ] GC(0)   Evacuate Collection Set: 4.8ms
[2026-04-30T11:54:43.461+0530][gc,phases   ] GC(0)   Post Evacuate Collection Set: 0.4ms
[2026-04-30T11:54:43.461+0530][gc,phases   ] GC(0)   Other: 0.5ms
[2026-04-30T11:54:43.461+0530][gc,heap     ] GC(0) Eden regions: 51->0(44)
[2026-04-30T11:54:43.461+0530][gc,heap     ] GC(0) Survivor regions: 0->7(7)
[2026-04-30T11:54:43.461+0530][gc,heap     ] GC(0) Old regions: 0->1
[2026-04-30T11:54:43.461+0530][gc,heap     ] GC(0) Archive regions: 2->2
[2026-04-30T11:54:43.461+0530][gc,heap     ] GC(0) Humongous regions: 0->0
[2026-04-30T11:54:43.461+0530][gc,metaspace] GC(0) Metaspace: 17411K(17600K)->17411K(17600K) NonClass: 15287K(15424K)->15287K(15424K) Class: 2124K(2176K)->2124K(2176K)
[2026-04-30T11:54:43.461+0530][gc          ] GC(0) Pause Young (Normal) (G1 Evacuation Pause) 51M->8M(1024M) 6.104ms
[2026-04-30T11:54:43.461+0530][gc,cpu      ] GC(0) User=0.03s Sys=0.01s Real=0.01s
[2026-04-30T11:54:43.812+0530][gc,start    ] GC(1) Pause Young (Concurrent Start) (Metadata GC Threshold)
[2026-04-30T11:54:43.812+0530][gc,task     ] GC(1) Using 8 workers of 8 for evacuation
[2026-04-30T11:54:43.819+0530][gc,phases   ] GC(1)   Pre Evacuate Collection Set: 0.1ms
[2026-04-30T11:54:43.819+0530][gc,phases   ] GC(1)   Merge Heap Roots: 0.2ms
[2026-04-30T11:54:43.819+0530][gc,phases   ] GC(1)   Evacuate Collection Set: 6.4ms
[2026-04-30T11:54:43.819+0530][gc,phases   ] GC(1)   Post Evacuate Collection Set: 0.5ms
[2026-04-30T11:54:43.819+0530][gc,phases   ] GC(1)   Other: 0.4ms
[2026-04-30T11:54:43.819+0530][gc,heap     ] GC(1) Eden regions: 17->0(49)
[2026-04-30T11:54:43.819+0530][gc,heap     ] GC(1) Survivor regions: 7->2(7)
[2026-04-30T11:54:43.819+0530][gc,heap     ] GC(1) Old regions: 1->9
[2026-04-30T11:54:43.819+0530][gc,heap     ] GC(1) Archive regions: 2->2
[2026-04-30T11:54:43.819+0530][gc,heap     ] GC(1) Humongous regions: 129->129
[2026-04-30T11:54:43.819+0530][gc,metaspace] GC(1) Metaspace: 21342K(21504K)->21342K(21504K) NonClass: 18737K(18816K)->18737K(18816K) Class: 2604K(2688K)->2604K(2688K)
[2026-04-30T11:54:43.819+0530][gc          ] GC(1) Pause Young (Concurrent Start) (Metadata GC Threshold) 154M->140M(1024M) 7.748ms
[2026-04-30T11:54:43.819+0530][gc,cpu      ] GC(1) User=0.03s Sys=0.01s Real=0.00s
[2026-04-30T11:54:43.819+0530][gc          ] GC(2) Concurrent Mark Cycle
[2026-04-30T11:54:43.819+0530][gc,marking  ] GC(2) Concurrent Clear Claimed Marks
[2026-04-30T11:54:43.819+0530][gc,marking  ] GC(2) Concurrent Clear Claimed Marks 0.020ms
[2026-04-30T11:54:43.819+0530][gc,marking  ] GC(2) Concurrent Scan Root Regions
[2026-04-30T11:54:43.822+0530][gc,marking  ] GC(2) Concurrent Scan Root Regions 2.974ms
[2026-04-30T11:54:43.822+0530][gc,marking  ] GC(2) Concurrent Mark
[2026-04-30T11:54:43.823+0530][gc,marking  ] GC(2) Concurrent Mark From Roots
[2026-04-30T11:54:43.823+0530][gc,task     ] GC(2) Using 2 workers of 2 for marking
[2026-04-30T11:54:43.825+0530][gc,marking  ] GC(2) Concurrent Mark From Roots 2.592ms
[2026-04-30T11:54:43.825+0530][gc,marking  ] GC(2) Concurrent Preclean
[2026-04-30T11:54:43.825+0530][gc,marking  ] GC(2) Concurrent Preclean 0.043ms
[2026-04-30T11:54:43.825+0530][gc,start    ] GC(2) Pause Remark
[2026-04-30T11:54:43.827+0530][gc          ] GC(2) Pause Remark 141M->141M(1024M) 1.390ms
[2026-04-30T11:54:43.827+0530][gc,cpu      ] GC(2) User=0.00s Sys=0.00s Real=0.00s
[2026-04-30T11:54:43.827+0530][gc,marking  ] GC(2) Concurrent Mark 4.322ms
[2026-04-30T11:54:43.827+0530][gc,marking  ] GC(2) Concurrent Rebuild Remembered Sets
[2026-04-30T11:54:43.830+0530][gc,marking  ] GC(2) Concurrent Rebuild Remembered Sets 3.050ms
[2026-04-30T11:54:43.830+0530][gc,start    ] GC(2) Pause Cleanup
[2026-04-30T11:54:43.830+0530][gc          ] GC(2) Pause Cleanup 141M->141M(1024M) 0.136ms
[2026-04-30T11:54:43.830+0530][gc,cpu      ] GC(2) User=0.00s Sys=0.00s Real=0.00s
[2026-04-30T11:54:43.830+0530][gc,marking  ] GC(2) Concurrent Cleanup for Next Mark
[2026-04-30T11:54:43.836+0530][gc,marking  ] GC(2) Concurrent Cleanup for Next Mark 5.308ms
[2026-04-30T11:54:43.836+0530][gc          ] GC(2) Concurrent Mark Cycle 16.197ms
[2026-04-30T11:54:44.594+0530][gc,start    ] GC(3) Pause Young (Normal) (G1 Evacuation Pause)
[2026-04-30T11:54:44.594+0530][gc,task     ] GC(3) Using 8 workers of 8 for evacuation
[2026-04-30T11:54:44.599+0530][gc,phases   ] GC(3)   Pre Evacuate Collection Set: 0.1ms
[2026-04-30T11:54:44.599+0530][gc,phases   ] GC(3)   Merge Heap Roots: 0.0ms
[2026-04-30T11:54:44.599+0530][gc,phases   ] GC(3)   Evacuate Collection Set: 4.5ms
[2026-04-30T11:54:44.599+0530][gc,phases   ] GC(3)   Post Evacuate Collection Set: 0.4ms
[2026-04-30T11:54:44.599+0530][gc,phases   ] GC(3)   Other: 0.1ms
[2026-04-30T11:54:44.599+0530][gc,heap     ] GC(3) Eden regions: 49->0(44)
[2026-04-30T11:54:44.599+0530][gc,heap     ] GC(3) Survivor regions: 2->7(7)
[2026-04-30T11:54:44.599+0530][gc,heap     ] GC(3) Old regions: 9->9
[2026-04-30T11:54:44.599+0530][gc,heap     ] GC(3) Archive regions: 2->2
[2026-04-30T11:54:44.599+0530][gc,heap     ] GC(3) Humongous regions: 129->129
[2026-04-30T11:54:44.599+0530][gc,metaspace] GC(3) Metaspace: 32549K(32768K)->32549K(32768K) NonClass: 28926K(29056K)->28926K(29056K) Class: 3622K(3712K)->3622K(3712K)
[2026-04-30T11:54:44.599+0530][gc          ] GC(3) Pause Young (Normal) (G1 Evacuation Pause) 189M->144M(1024M) 5.263ms
[2026-04-30T11:54:44.599+0530][gc,cpu      ] GC(3) User=0.03s Sys=0.00s Real=0.00s
[2026-04-30T11:55:13.709+0530][gc,start    ] GC(4) Pause Young (Concurrent Start) (Metadata GC Threshold)
[2026-04-30T11:55:13.709+0530][gc,task     ] GC(4) Using 8 workers of 8 for evacuation
[2026-04-30T11:55:13.715+0530][gc,phases   ] GC(4)   Pre Evacuate Collection Set: 0.2ms
[2026-04-30T11:55:13.715+0530][gc,phases   ] GC(4)   Merge Heap Roots: 0.1ms
[2026-04-30T11:55:13.715+0530][gc,phases   ] GC(4)   Evacuate Collection Set: 4.9ms
[2026-04-30T11:55:13.715+0530][gc,phases   ] GC(4)   Post Evacuate Collection Set: 0.4ms
[2026-04-30T11:55:13.715+0530][gc,phases   ] GC(4)   Other: 0.4ms
[2026-04-30T11:55:13.715+0530][gc,heap     ] GC(4) Eden regions: 15->0(49)
[2026-04-30T11:55:13.715+0530][gc,heap     ] GC(4) Survivor regions: 7->2(7)
[2026-04-30T11:55:13.715+0530][gc,heap     ] GC(4) Old regions: 9->15
[2026-04-30T11:55:13.715+0530][gc,heap     ] GC(4) Archive regions: 2->2
[2026-04-30T11:55:13.715+0530][gc,heap     ] GC(4) Humongous regions: 129->129
[2026-04-30T11:55:13.715+0530][gc,metaspace] GC(4) Metaspace: 35659K(35968K)->35659K(35968K) NonClass: 31667K(31808K)->31667K(31808K) Class: 3992K(4160K)->3992K(4160K)
[2026-04-30T11:55:13.715+0530][gc          ] GC(4) Pause Young (Concurrent Start) (Metadata GC Threshold) 158M->145M(1024M) 6.167ms
[2026-04-30T11:55:13.715+0530][gc,cpu      ] GC(4) User=0.03s Sys=0.01s Real=0.01s
[2026-04-30T11:55:13.715+0530][gc          ] GC(5) Concurrent Mark Cycle
[2026-04-30T11:55:13.715+0530][gc,marking  ] GC(5) Concurrent Clear Claimed Marks
[2026-04-30T11:55:13.715+0530][gc,marking  ] GC(5) Concurrent Clear Claimed Marks 0.021ms
[2026-04-30T11:55:13.715+0530][gc,marking  ] GC(5) Concurrent Scan Root Regions
[2026-04-30T11:55:13.720+0530][gc,marking  ] GC(5) Concurrent Scan Root Regions 4.555ms
[2026-04-30T11:55:13.729+0530][gc,marking  ] GC(5) Concurrent Mark
[2026-04-30T11:55:13.729+0530][gc,marking  ] GC(5) Concurrent Mark From Roots
[2026-04-30T11:55:13.729+0530][gc,task     ] GC(5) Using 2 workers of 2 for marking
[2026-04-30T11:55:13.735+0530][gc,marking  ] GC(5) Concurrent Mark From Roots 5.828ms
[2026-04-30T11:55:13.735+0530][gc,marking  ] GC(5) Concurrent Preclean
[2026-04-30T11:55:13.735+0530][gc,marking  ] GC(5) Concurrent Preclean 0.069ms
[2026-04-30T11:55:13.735+0530][gc,start    ] GC(5) Pause Remark
[2026-04-30T11:55:13.737+0530][gc          ] GC(5) Pause Remark 146M->146M(1024M) 1.387ms
[2026-04-30T11:55:13.737+0530][gc,cpu      ] GC(5) User=0.01s Sys=0.00s Real=0.00s
[2026-04-30T11:55:13.737+0530][gc,marking  ] GC(5) Concurrent Mark 7.593ms
[2026-04-30T11:55:13.737+0530][gc,marking  ] GC(5) Concurrent Rebuild Remembered Sets
[2026-04-30T11:55:13.742+0530][gc,marking  ] GC(5) Concurrent Rebuild Remembered Sets 5.279ms
[2026-04-30T11:55:13.742+0530][gc,start    ] GC(5) Pause Cleanup
[2026-04-30T11:55:13.742+0530][gc          ] GC(5) Pause Cleanup 146M->146M(1024M) 0.123ms
[2026-04-30T11:55:13.743+0530][gc,cpu      ] GC(5) User=0.00s Sys=0.00s Real=0.00s
[2026-04-30T11:55:13.743+0530][gc,marking  ] GC(5) Concurrent Cleanup for Next Mark
[2026-04-30T11:55:13.748+0530][gc,marking  ] GC(5) Concurrent Cleanup for Next Mark 5.014ms
[2026-04-30T11:55:13.748+0530][gc          ] GC(5) Concurrent Mark Cycle 32.511ms
[2026-04-30T12:10:54.451+0530][gc,start    ] GC(6) Pause Young (Prepare Mixed) (G1 Evacuation Pause)
[2026-04-30T12:10:54.451+0530][gc,task     ] GC(6) Using 8 workers of 8 for evacuation
[2026-04-30T12:10:54.455+0530][gc,phases   ] GC(6)   Pre Evacuate Collection Set: 0.2ms
[2026-04-30T12:10:54.455+0530][gc,phases   ] GC(6)   Merge Heap Roots: 0.1ms
[2026-04-30T12:10:54.455+0530][gc,phases   ] GC(6)   Evacuate Collection Set: 3.8ms
[2026-04-30T12:10:54.455+0530][gc,phases   ] GC(6)   Post Evacuate Collection Set: 0.5ms
[2026-04-30T12:10:54.455+0530][gc,phases   ] GC(6)   Other: 0.4ms
[2026-04-30T12:10:54.455+0530][gc,heap     ] GC(6) Eden regions: 49->0(47)
[2026-04-30T12:10:54.455+0530][gc,heap     ] GC(6) Survivor regions: 2->4(7)
[2026-04-30T12:10:54.455+0530][gc,heap     ] GC(6) Old regions: 15->15
[2026-04-30T12:10:54.455+0530][gc,heap     ] GC(6) Archive regions: 2->2
[2026-04-30T12:10:54.456+0530][gc,heap     ] GC(6) Humongous regions: 129->129
[2026-04-30T12:10:54.456+0530][gc,metaspace] GC(6) Metaspace: 42512K(43072K)->42512K(43072K) NonClass: 37328K(37632K)->37328K(37632K) Class: 5183K(5440K)->5183K(5440K)
[2026-04-30T12:10:54.456+0530][gc          ] GC(6) Pause Young (Prepare Mixed) (G1 Evacuation Pause) 194M->147M(1024M) 5.058ms
[2026-04-30T12:10:54.456+0530][gc,cpu      ] GC(6) User=0.02s Sys=0.00s Real=0.00s
[2026-04-30T12:17:36.382+0530][gc,start    ] GC(7) Pause Young (Mixed) (G1 Evacuation Pause)
[2026-04-30T12:17:36.384+0530][gc,task     ] GC(7) Using 8 workers of 8 for evacuation
[2026-04-30T12:17:36.391+0530][gc,phases   ] GC(7)   Pre Evacuate Collection Set: 0.2ms
[2026-04-30T12:17:36.391+0530][gc,phases   ] GC(7)   Merge Heap Roots: 0.1ms
[2026-04-30T12:17:36.391+0530][gc,phases   ] GC(7)   Evacuate Collection Set: 5.7ms
[2026-04-30T12:17:36.391+0530][gc,phases   ] GC(7)   Post Evacuate Collection Set: 0.6ms
[2026-04-30T12:17:36.391+0530][gc,phases   ] GC(7)   Other: 2.3ms
[2026-04-30T12:17:36.391+0530][gc,heap     ] GC(7) Eden regions: 47->0(45)
[2026-04-30T12:17:36.391+0530][gc,heap     ] GC(7) Survivor regions: 4->6(7)
[2026-04-30T12:17:36.391+0530][gc,heap     ] GC(7) Old regions: 15->15
[2026-04-30T12:17:36.391+0530][gc,heap     ] GC(7) Archive regions: 2->2
[2026-04-30T12:17:36.391+0530][gc,heap     ] GC(7) Humongous regions: 129->129
[2026-04-30T12:17:36.391+0530][gc,metaspace] GC(7) Metaspace: 43484K(44032K)->43484K(44032K) NonClass: 38224K(38528K)->38224K(38528K) Class: 5259K(5504K)->5259K(5504K)
[2026-04-30T12:17:36.391+0530][gc          ] GC(7) Pause Young (Mixed) (G1 Evacuation Pause) 194M->149M(1024M) 9.072ms
[2026-04-30T12:17:36.391+0530][gc,cpu      ] GC(7) User=0.04s Sys=0.00s Real=0.01s
[2026-04-30T12:24:35.021+0530][gc,start    ] GC(8) Pause Young (Normal) (G1 Evacuation Pause)
[2026-04-30T12:24:35.023+0530][gc,task     ] GC(8) Using 8 workers of 8 for evacuation
[2026-04-30T12:24:35.028+0530][gc,phases   ] GC(8)   Pre Evacuate Collection Set: 0.1ms
[2026-04-30T12:24:35.028+0530][gc,phases   ] GC(8)   Merge Heap Roots: 0.1ms
[2026-04-30T12:24:35.028+0530][gc,phases   ] GC(8)   Evacuate Collection Set: 4.9ms
[2026-04-30T12:24:35.028+0530][gc,phases   ] GC(8)   Post Evacuate Collection Set: 0.4ms
[2026-04-30T12:24:35.028+0530][gc,phases   ] GC(8)   Other: 1.9ms
[2026-04-30T12:24:35.028+0530][gc,heap     ] GC(8) Eden regions: 45->0(49)
[2026-04-30T12:24:35.028+0530][gc,heap     ] GC(8) Survivor regions: 6->3(7)
[2026-04-30T12:24:35.028+0530][gc,heap     ] GC(8) Old regions: 15->17
[2026-04-30T12:24:35.028+0530][gc,heap     ] GC(8) Archive regions: 2->2
[2026-04-30T12:24:35.028+0530][gc,heap     ] GC(8) Humongous regions: 129->129
[2026-04-30T12:24:35.028+0530][gc,metaspace] GC(8) Metaspace: 43589K(44160K)->43589K(44160K) NonClass: 38328K(38656K)->38328K(38656K) Class: 5260K(5504K)->5260K(5504K)
[2026-04-30T12:24:35.028+0530][gc          ] GC(8) Pause Young (Normal) (G1 Evacuation Pause) 194M->149M(1024M) 7.593ms
[2026-04-30T12:24:35.028+0530][gc,cpu      ] GC(8) User=0.03s Sys=0.00s Real=0.00s
[2026-04-30T12:32:29.323+0530][gc,start    ] GC(9) Pause Young (Normal) (G1 Evacuation Pause)
[2026-04-30T12:32:29.323+0530][gc,task     ] GC(9) Using 8 workers of 8 for evacuation
[2026-04-30T12:32:29.327+0530][gc,phases   ] GC(9)   Pre Evacuate Collection Set: 0.1ms
[2026-04-30T12:32:29.327+0530][gc,phases   ] GC(9)   Merge Heap Roots: 0.1ms
[2026-04-30T12:32:29.327+0530][gc,phases   ] GC(9)   Evacuate Collection Set: 2.4ms
[2026-04-30T12:32:29.327+0530][gc,phases   ] GC(9)   Post Evacuate Collection Set: 0.5ms
[2026-04-30T12:32:29.327+0530][gc,phases   ] GC(9)   Other: 0.2ms
[2026-04-30T12:32:29.327+0530][gc,heap     ] GC(9) Eden regions: 49->0(74)
[2026-04-30T12:32:29.327+0530][gc,heap     ] GC(9) Survivor regions: 3->3(7)
[2026-04-30T12:32:29.327+0530][gc,heap     ] GC(9) Old regions: 17->17
[2026-04-30T12:32:29.327+0530][gc,heap     ] GC(9) Archive regions: 2->2
[2026-04-30T12:32:29.327+0530][gc,heap     ] GC(9) Humongous regions: 129->129
[2026-04-30T12:32:29.327+0530][gc,metaspace] GC(9) Metaspace: 43650K(44224K)->43650K(44224K) NonClass: 38389K(38720K)->38389K(38720K) Class: 5260K(5504K)->5260K(5504K)
[2026-04-30T12:32:29.327+0530][gc          ] GC(9) Pause Young (Normal) (G1 Evacuation Pause) 198M->149M(1024M) 3.558ms
[2026-04-30T12:32:29.327+0530][gc,cpu      ] GC(9) User=0.02s Sys=0.01s Real=0.00s
[2026-04-30T12:45:54.534+0530][gc,start    ] GC(10) Pause Young (Normal) (G1 Evacuation Pause)
[2026-04-30T12:45:54.534+0530][gc,task     ] GC(10) Using 8 workers of 8 for evacuation
[2026-04-30T12:45:54.537+0530][gc,phases   ] GC(10)   Pre Evacuate Collection Set: 0.1ms
[2026-04-30T12:45:54.537+0530][gc,phases   ] GC(10)   Merge Heap Roots: 0.1ms
[2026-04-30T12:45:54.537+0530][gc,phases   ] GC(10)   Evacuate Collection Set: 2.3ms
[2026-04-30T12:45:54.537+0530][gc,phases   ] GC(10)   Post Evacuate Collection Set: 0.5ms
[2026-04-30T12:45:54.537+0530][gc,phases   ] GC(10)   Other: 0.4ms
[2026-04-30T12:45:54.537+0530][gc,heap     ] GC(10) Eden regions: 74->0(512)
[2026-04-30T12:45:54.537+0530][gc,heap     ] GC(10) Survivor regions: 3->2(10)
[2026-04-30T12:45:54.537+0530][gc,heap     ] GC(10) Old regions: 17->17
[2026-04-30T12:45:54.538+0530][gc,heap     ] GC(10) Archive regions: 2->2
[2026-04-30T12:45:54.538+0530][gc,heap     ] GC(10) Humongous regions: 129->129
[2026-04-30T12:45:54.538+0530][gc,metaspace] GC(10) Metaspace: 44009K(44608K)->44009K(44608K) NonClass: 38672K(38976K)->38672K(38976K) Class: 5336K(5632K)->5336K(5632K)
[2026-04-30T12:45:54.538+0530][gc          ] GC(10) Pause Young (Normal) (G1 Evacuation Pause) 223M->148M(1024M) 3.579ms
[2026-04-30T12:45:54.538+0530][gc,cpu      ] GC(10) User=0.01s Sys=0.00s Real=0.00s
[2026-04-30T13:15:57.000+0530][gc,heap,exit] Heap
[2026-04-30T13:15:57.000+0530][gc,heap,exit]  garbage-first heap   total 1048576K, used 363054K [0x00000007c0000000, 0x0000000800000000)
[2026-04-30T13:15:57.000+0530][gc,heap,exit]   region size 1024K, 208 young (212992K), 2 survivors (2048K)
[2026-04-30T13:15:57.000+0530][gc,heap,exit]  Metaspace       used 45874K, committed 46528K, reserved 1114112K
[2026-04-30T13:15:57.000+0530][gc,heap,exit]   class space    used 5662K, committed 5952K, reserved 1048576K
