[2026-04-30T11:54:14.848+0530][gc] Using G1
[2026-04-30T11:54:14.854+0530][gc,init] Version: 17.0.8+9-LTS-211 (release)
[2026-04-30T11:54:14.854+0530][gc,init] CPUs: 8 total, 8 available
[2026-04-30T11:54:14.854+0530][gc,init] Memory: 16384M
[2026-04-30T11:54:14.854+0530][gc,init] Large Page Support: Disabled
[2026-04-30T11:54:14.854+0530][gc,init] NUMA Support: Disabled
[2026-04-30T11:54:14.854+0530][gc,init] Compressed Oops: Enabled (Zero based)
[2026-04-30T11:54:14.854+0530][gc,init] Heap Region Size: 1M
[2026-04-30T11:54:14.854+0530][gc,init] Heap Min Capacity: 1G
[2026-04-30T11:54:14.854+0530][gc,init] Heap Initial Capacity: 1G
[2026-04-30T11:54:14.854+0530][gc,init] Heap Max Capacity: 1G
[2026-04-30T11:54:14.854+0530][gc,init] Pre-touch: Disabled
[2026-04-30T11:54:14.854+0530][gc,init] Parallel Workers: 8
[2026-04-30T11:54:14.854+0530][gc,init] Concurrent Workers: 2
[2026-04-30T11:54:14.854+0530][gc,init] Concurrent Refinement Workers: 8
[2026-04-30T11:54:14.854+0530][gc,init] Periodic GC: Disabled
[2026-04-30T11:54:14.862+0530][gc,metaspace] CDS archive(s) mapped at: [0x000000012c000000-0x000000012cbe4000-0x000000012cbe4000), size 12468224, SharedBaseAddress: 0x000000012c000000, ArchiveRelocationMode: 1.
[2026-04-30T11:54:14.862+0530][gc,metaspace] Compressed class space mapped at: 0x000000012d000000-0x000000016d000000, reserved size: 1073741824
[2026-04-30T11:54:14.862+0530][gc,metaspace] Narrow klass base: 0x000000012c000000, Narrow klass shift: 0, Narrow klass range: 0x100000000
[2026-04-30T11:54:16.143+0530][gc,start    ] GC(0) Pause Young (Normal) (G1 Evacuation Pause)
[2026-04-30T11:54:16.143+0530][gc,task     ] GC(0) Using 8 workers of 8 for evacuation
[2026-04-30T11:54:16.149+0530][gc,phases   ] GC(0)   Pre Evacuate Collection Set: 0.1ms
[2026-04-30T11:54:16.149+0530][gc,phases   ] GC(0)   Merge Heap Roots: 0.1ms
[2026-04-30T11:54:16.149+0530][gc,phases   ] GC(0)   Evacuate Collection Set: 4.8ms
[2026-04-30T11:54:16.149+0530][gc,phases   ] GC(0)   Post Evacuate Collection Set: 0.4ms
[2026-04-30T11:54:16.149+0530][gc,phases   ] GC(0)   Other: 0.6ms
[2026-04-30T11:54:16.149+0530][gc,heap     ] GC(0) Eden regions: 51->0(44)
[2026-04-30T11:54:16.149+0530][gc,heap     ] GC(0) Survivor regions: 0->7(7)
[2026-04-30T11:54:16.149+0530][gc,heap     ] GC(0) Old regions: 0->2
[2026-04-30T11:54:16.149+0530][gc,heap     ] GC(0) Archive regions: 2->2
[2026-04-30T11:54:16.149+0530][gc,heap     ] GC(0) Humongous regions: 0->0
[2026-04-30T11:54:16.149+0530][gc,metaspace] GC(0) Metaspace: 17395K(17600K)->17395K(17600K) NonClass: 15273K(15360K)->15273K(15360K) Class: 2121K(2240K)->2121K(2240K)
[2026-04-30T11:54:16.149+0530][gc          ] GC(0) Pause Young (Normal) (G1 Evacuation Pause) 51M->8M(1024M) 6.291ms
[2026-04-30T11:54:16.149+0530][gc,cpu      ] GC(0) User=0.03s Sys=0.01s Real=0.00s
[2026-04-30T11:54:16.508+0530][gc,start    ] GC(1) Pause Young (Concurrent Start) (Metadata GC Threshold)
[2026-04-30T11:54:16.508+0530][gc,task     ] GC(1) Using 8 workers of 8 for evacuation
[2026-04-30T11:54:16.514+0530][gc,phases   ] GC(1)   Pre Evacuate Collection Set: 0.1ms
[2026-04-30T11:54:16.514+0530][gc,phases   ] GC(1)   Merge Heap Roots: 0.1ms
[2026-04-30T11:54:16.514+0530][gc,phases   ] GC(1)   Evacuate Collection Set: 4.9ms
[2026-04-30T11:54:16.514+0530][gc,phases   ] GC(1)   Post Evacuate Collection Set: 0.4ms
[2026-04-30T11:54:16.514+0530][gc,phases   ] GC(1)   Other: 0.2ms
[2026-04-30T11:54:16.514+0530][gc,heap     ] GC(1) Eden regions: 17->0(48)
[2026-04-30T11:54:16.514+0530][gc,heap     ] GC(1) Survivor regions: 7->3(7)
[2026-04-30T11:54:16.514+0530][gc,heap     ] GC(1) Old regions: 2->8
[2026-04-30T11:54:16.514+0530][gc,heap     ] GC(1) Archive regions: 2->2
[2026-04-30T11:54:16.514+0530][gc,heap     ] GC(1) Humongous regions: 129->129
[2026-04-30T11:54:16.514+0530][gc,metaspace] GC(1) Metaspace: 21343K(21504K)->21343K(21504K) NonClass: 18731K(18816K)->18731K(18816K) Class: 2612K(2688K)->2612K(2688K)
[2026-04-30T11:54:16.514+0530][gc          ] GC(1) Pause Young (Concurrent Start) (Metadata GC Threshold) 154M->140M(1024M) 5.770ms
[2026-04-30T11:54:16.514+0530][gc,cpu      ] GC(1) User=0.02s Sys=0.00s Real=0.01s
[2026-04-30T11:54:16.514+0530][gc          ] GC(2) Concurrent Mark Cycle
[2026-04-30T11:54:16.514+0530][gc,marking  ] GC(2) Concurrent Clear Claimed Marks
[2026-04-30T11:54:16.514+0530][gc,marking  ] GC(2) Concurrent Clear Claimed Marks 0.023ms
[2026-04-30T11:54:16.514+0530][gc,marking  ] GC(2) Concurrent Scan Root Regions
[2026-04-30T11:54:16.517+0530][gc,marking  ] GC(2) Concurrent Scan Root Regions 3.055ms
[2026-04-30T11:54:16.517+0530][gc,marking  ] GC(2) Concurrent Mark
[2026-04-30T11:54:16.517+0530][gc,marking  ] GC(2) Concurrent Mark From Roots
[2026-04-30T11:54:16.517+0530][gc,task     ] GC(2) Using 2 workers of 2 for marking
[2026-04-30T11:54:16.520+0530][gc,marking  ] GC(2) Concurrent Mark From Roots 2.887ms
[2026-04-30T11:54:16.520+0530][gc,marking  ] GC(2) Concurrent Preclean
[2026-04-30T11:54:16.520+0530][gc,marking  ] GC(2) Concurrent Preclean 0.045ms
[2026-04-30T11:54:16.520+0530][gc,start    ] GC(2) Pause Remark
[2026-04-30T11:54:16.522+0530][gc          ] GC(2) Pause Remark 140M->140M(1024M) 1.539ms
[2026-04-30T11:54:16.522+0530][gc,cpu      ] GC(2) User=0.00s Sys=0.00s Real=0.00s
[2026-04-30T11:54:16.522+0530][gc,marking  ] GC(2) Concurrent Mark 4.719ms
[2026-04-30T11:54:16.522+0530][gc,marking  ] GC(2) Concurrent Rebuild Remembered Sets
[2026-04-30T11:54:16.522+0530][gc,marking  ] GC(2) Concurrent Rebuild Remembered Sets 0.020ms
[2026-04-30T11:54:16.522+0530][gc,start    ] GC(2) Pause Cleanup
[2026-04-30T11:54:16.522+0530][gc          ] GC(2) Pause Cleanup 140M->140M(1024M) 0.021ms
[2026-04-30T11:54:16.522+0530][gc,cpu      ] GC(2) User=0.00s Sys=0.00s Real=0.00s
[2026-04-30T11:54:16.522+0530][gc,marking  ] GC(2) Concurrent Cleanup for Next Mark
[2026-04-30T11:54:16.529+0530][gc,marking  ] GC(2) Concurrent Cleanup for Next Mark 6.459ms
[2026-04-30T11:54:16.529+0530][gc          ] GC(2) Concurrent Mark Cycle 14.629ms
[2026-04-30T11:54:17.089+0530][gc,start    ] GC(3) Pause Young (Normal) (GCLocker Initiated GC)
[2026-04-30T11:54:17.089+0530][gc,task     ] GC(3) Using 8 workers of 8 for evacuation
[2026-04-30T11:54:17.095+0530][gc,phases   ] GC(3)   Pre Evacuate Collection Set: 0.2ms
[2026-04-30T11:54:17.095+0530][gc,phases   ] GC(3)   Merge Heap Roots: 0.1ms
[2026-04-30T11:54:17.095+0530][gc,phases   ] GC(3)   Evacuate Collection Set: 5.5ms
[2026-04-30T11:54:17.095+0530][gc,phases   ] GC(3)   Post Evacuate Collection Set: 0.4ms
[2026-04-30T11:54:17.095+0530][gc,phases   ] GC(3)   Other: 0.1ms
[2026-04-30T11:54:17.095+0530][gc,heap     ] GC(3) Eden regions: 48->0(44)
[2026-04-30T11:54:17.095+0530][gc,heap     ] GC(3) Survivor regions: 3->7(7)
[2026-04-30T11:54:17.095+0530][gc,heap     ] GC(3) Old regions: 8->8
[2026-04-30T11:54:17.095+0530][gc,heap     ] GC(3) Archive regions: 2->2
[2026-04-30T11:54:17.095+0530][gc,heap     ] GC(3) Humongous regions: 129->129
[2026-04-30T11:54:17.095+0530][gc,metaspace] GC(3) Metaspace: 32441K(32640K)->32441K(32640K) NonClass: 28825K(28928K)->28825K(28928K) Class: 3616K(3712K)->3616K(3712K)
[2026-04-30T11:54:17.095+0530][gc          ] GC(3) Pause Young (Normal) (GCLocker Initiated GC) 188M->144M(1024M) 6.423ms
[2026-04-30T11:54:17.096+0530][gc,cpu      ] GC(3) User=0.04s Sys=0.00s Real=0.01s
[2026-04-30T11:54:17.213+0530][gc,start    ] GC(4) Pause Young (Concurrent Start) (Metadata GC Threshold)
[2026-04-30T11:54:17.213+0530][gc,task     ] GC(4) Using 8 workers of 8 for evacuation
[2026-04-30T11:54:17.219+0530][gc,phases   ] GC(4)   Pre Evacuate Collection Set: 0.1ms
[2026-04-30T11:54:17.219+0530][gc,phases   ] GC(4)   Merge Heap Roots: 0.0ms
[2026-04-30T11:54:17.219+0530][gc,phases   ] GC(4)   Evacuate Collection Set: 4.7ms
[2026-04-30T11:54:17.219+0530][gc,phases   ] GC(4)   Post Evacuate Collection Set: 0.3ms
[2026-04-30T11:54:17.219+0530][gc,phases   ] GC(4)   Other: 0.2ms
[2026-04-30T11:54:17.219+0530][gc,heap     ] GC(4) Eden regions: 14->0(49)
[2026-04-30T11:54:17.219+0530][gc,heap     ] GC(4) Survivor regions: 7->2(7)
[2026-04-30T11:54:17.219+0530][gc,heap     ] GC(4) Old regions: 8->15
[2026-04-30T11:54:17.219+0530][gc,heap     ] GC(4) Archive regions: 2->2
[2026-04-30T11:54:17.219+0530][gc,heap     ] GC(4) Humongous regions: 129->129
[2026-04-30T11:54:17.219+0530][gc,metaspace] GC(4) Metaspace: 35742K(35968K)->35742K(35968K) NonClass: 31707K(31808K)->31707K(31808K) Class: 4035K(4160K)->4035K(4160K)
[2026-04-30T11:54:17.219+0530][gc          ] GC(4) Pause Young (Concurrent Start) (Metadata GC Threshold) 158M->145M(1024M) 5.429ms
[2026-04-30T11:54:17.219+0530][gc,cpu      ] GC(4) User=0.03s Sys=0.01s Real=0.00s
[2026-04-30T11:54:17.219+0530][gc          ] GC(5) Concurrent Mark Cycle
[2026-04-30T11:54:17.219+0530][gc,marking  ] GC(5) Concurrent Clear Claimed Marks
[2026-04-30T11:54:17.219+0530][gc,marking  ] GC(5) Concurrent Clear Claimed Marks 0.016ms
[2026-04-30T11:54:17.219+0530][gc,marking  ] GC(5) Concurrent Scan Root Regions
[2026-04-30T11:54:17.223+0530][gc,marking  ] GC(5) Concurrent Scan Root Regions 4.271ms
[2026-04-30T11:54:17.223+0530][gc,marking  ] GC(5) Concurrent Mark
[2026-04-30T11:54:17.223+0530][gc,marking  ] GC(5) Concurrent Mark From Roots
[2026-04-30T11:54:17.223+0530][gc,task     ] GC(5) Using 2 workers of 2 for marking
[2026-04-30T11:54:17.230+0530][gc,marking  ] GC(5) Concurrent Mark From Roots 6.227ms
[2026-04-30T11:54:17.230+0530][gc,marking  ] GC(5) Concurrent Preclean
[2026-04-30T11:54:17.230+0530][gc,marking  ] GC(5) Concurrent Preclean 0.058ms
[2026-04-30T11:54:17.230+0530][gc,start    ] GC(5) Pause Remark
[2026-04-30T11:54:17.231+0530][gc          ] GC(5) Pause Remark 146M->146M(1024M) 1.131ms
[2026-04-30T11:54:17.231+0530][gc,cpu      ] GC(5) User=0.00s Sys=0.00s Real=0.00s
[2026-04-30T11:54:17.231+0530][gc,marking  ] GC(5) Concurrent Mark 7.662ms
[2026-04-30T11:54:17.231+0530][gc,marking  ] GC(5) Concurrent Rebuild Remembered Sets
[2026-04-30T11:54:17.237+0530][gc,marking  ] GC(5) Concurrent Rebuild Remembered Sets 5.540ms
[2026-04-30T11:54:17.237+0530][gc,start    ] GC(5) Pause Cleanup
[2026-04-30T11:54:17.237+0530][gc          ] GC(5) Pause Cleanup 147M->147M(1024M) 0.093ms
[2026-04-30T11:54:17.237+0530][gc,cpu      ] GC(5) User=0.00s Sys=0.00s Real=0.00s
[2026-04-30T11:54:17.237+0530][gc,marking  ] GC(5) Concurrent Cleanup for Next Mark
[2026-04-30T11:54:17.242+0530][gc,marking  ] GC(5) Concurrent Cleanup for Next Mark 5.391ms
[2026-04-30T11:54:17.242+0530][gc          ] GC(5) Concurrent Mark Cycle 23.303ms
[2026-04-30T12:10:18.960+0530][gc,start    ] GC(6) Pause Young (Normal) (G1 Evacuation Pause)
[2026-04-30T12:10:18.962+0530][gc,task     ] GC(6) Using 8 workers of 8 for evacuation
[2026-04-30T12:10:18.967+0530][gc,phases   ] GC(6)   Pre Evacuate Collection Set: 0.1ms
[2026-04-30T12:10:18.967+0530][gc,phases   ] GC(6)   Merge Heap Roots: 0.1ms
[2026-04-30T12:10:18.967+0530][gc,phases   ] GC(6)   Evacuate Collection Set: 3.6ms
[2026-04-30T12:10:18.967+0530][gc,phases   ] GC(6)   Post Evacuate Collection Set: 0.7ms
[2026-04-30T12:10:18.967+0530][gc,phases   ] GC(6)   Other: 2.1ms
[2026-04-30T12:10:18.967+0530][gc,heap     ] GC(6) Eden regions: 49->0(47)
[2026-04-30T12:10:18.967+0530][gc,heap     ] GC(6) Survivor regions: 2->4(7)
[2026-04-30T12:10:18.967+0530][gc,heap     ] GC(6) Old regions: 15->15
[2026-04-30T12:10:18.967+0530][gc,heap     ] GC(6) Archive regions: 2->2
[2026-04-30T12:10:18.967+0530][gc,heap     ] GC(6) Humongous regions: 129->129
[2026-04-30T12:10:18.967+0530][gc,metaspace] GC(6) Metaspace: 42386K(42880K)->42386K(42880K) NonClass: 37143K(37440K)->37143K(37440K) Class: 5243K(5440K)->5243K(5440K)
[2026-04-30T12:10:18.967+0530][gc          ] GC(6) Pause Young (Normal) (G1 Evacuation Pause) 194M->147M(1024M) 6.922ms
[2026-04-30T12:10:18.967+0530][gc,cpu      ] GC(6) User=0.03s Sys=0.00s Real=0.00s
[2026-04-30T12:10:22.530+0530][gc,heap,exit] Heap
[2026-04-30T12:10:22.530+0530][gc,heap,exit]  garbage-first heap   total 1048576K, used 164913K [0x00000007c0000000, 0x0000000800000000)
[2026-04-30T12:10:22.530+0530][gc,heap,exit]   region size 1024K, 18 young (18432K), 4 survivors (4096K)
[2026-04-30T12:10:22.530+0530][gc,heap,exit]  Metaspace       used 43526K, committed 44160K, reserved 1114112K
[2026-04-30T12:10:22.530+0530][gc,heap,exit]   class space    used 5476K, committed 5760K, reserved 1048576K
