[2026-04-30T11:54:35.155+0530][gc] Using G1
[2026-04-30T11:54:35.162+0530][gc,init] Version: 17.0.8+9-LTS-211 (release)
[2026-04-30T11:54:35.162+0530][gc,init] CPUs: 8 total, 8 available
[2026-04-30T11:54:35.162+0530][gc,init] Memory: 16384M
[2026-04-30T11:54:35.162+0530][gc,init] Large Page Support: Disabled
[2026-04-30T11:54:35.162+0530][gc,init] NUMA Support: Disabled
[2026-04-30T11:54:35.162+0530][gc,init] Compressed Oops: Enabled (Zero based)
[2026-04-30T11:54:35.162+0530][gc,init] Heap Region Size: 1M
[2026-04-30T11:54:35.162+0530][gc,init] Heap Min Capacity: 1G
[2026-04-30T11:54:35.162+0530][gc,init] Heap Initial Capacity: 1G
[2026-04-30T11:54:35.162+0530][gc,init] Heap Max Capacity: 1G
[2026-04-30T11:54:35.162+0530][gc,init] Pre-touch: Disabled
[2026-04-30T11:54:35.162+0530][gc,init] Parallel Workers: 8
[2026-04-30T11:54:35.162+0530][gc,init] Concurrent Workers: 2
[2026-04-30T11:54:35.163+0530][gc,init] Concurrent Refinement Workers: 8
[2026-04-30T11:54:35.163+0530][gc,init] Periodic GC: Disabled
[2026-04-30T11:54:35.170+0530][gc,metaspace] CDS archive(s) mapped at: [0x000000012b000000-0x000000012bbe4000-0x000000012bbe4000), size 12468224, SharedBaseAddress: 0x000000012b000000, ArchiveRelocationMode: 1.
[2026-04-30T11:54:35.170+0530][gc,metaspace] Compressed class space mapped at: 0x000000012c000000-0x000000016c000000, reserved size: 1073741824
[2026-04-30T11:54:35.170+0530][gc,metaspace] Narrow klass base: 0x000000012b000000, Narrow klass shift: 0, Narrow klass range: 0x100000000
[2026-04-30T11:54:36.547+0530][gc,start    ] GC(0) Pause Young (Normal) (G1 Evacuation Pause)
[2026-04-30T11:54:36.547+0530][gc,task     ] GC(0) Using 8 workers of 8 for evacuation
[2026-04-30T11:54:36.553+0530][gc,phases   ] GC(0)   Pre Evacuate Collection Set: 0.1ms
[2026-04-30T11:54:36.553+0530][gc,phases   ] GC(0)   Merge Heap Roots: 0.1ms
[2026-04-30T11:54:36.553+0530][gc,phases   ] GC(0)   Evacuate Collection Set: 5.0ms
[2026-04-30T11:54:36.553+0530][gc,phases   ] GC(0)   Post Evacuate Collection Set: 0.5ms
[2026-04-30T11:54:36.553+0530][gc,phases   ] GC(0)   Other: 0.5ms
[2026-04-30T11:54:36.553+0530][gc,heap     ] GC(0) Eden regions: 51->0(44)
[2026-04-30T11:54:36.553+0530][gc,heap     ] GC(0) Survivor regions: 0->7(7)
[2026-04-30T11:54:36.553+0530][gc,heap     ] GC(0) Old regions: 0->1
[2026-04-30T11:54:36.553+0530][gc,heap     ] GC(0) Archive regions: 2->2
[2026-04-30T11:54:36.553+0530][gc,heap     ] GC(0) Humongous regions: 0->0
[2026-04-30T11:54:36.553+0530][gc,metaspace] GC(0) Metaspace: 17409K(17600K)->17409K(17600K) NonClass: 15284K(15424K)->15284K(15424K) Class: 2124K(2176K)->2124K(2176K)
[2026-04-30T11:54:36.553+0530][gc          ] GC(0) Pause Young (Normal) (G1 Evacuation Pause) 51M->8M(1024M) 6.447ms
[2026-04-30T11:54:36.553+0530][gc,cpu      ] GC(0) User=0.02s Sys=0.01s Real=0.01s
[2026-04-30T11:54:36.921+0530][gc,start    ] GC(1) Pause Young (Concurrent Start) (Metadata GC Threshold)
[2026-04-30T11:54:36.921+0530][gc,task     ] GC(1) Using 8 workers of 8 for evacuation
[2026-04-30T11:54:36.927+0530][gc,phases   ] GC(1)   Pre Evacuate Collection Set: 0.1ms
[2026-04-30T11:54:36.927+0530][gc,phases   ] GC(1)   Merge Heap Roots: 0.1ms
[2026-04-30T11:54:36.927+0530][gc,phases   ] GC(1)   Evacuate Collection Set: 5.3ms
[2026-04-30T11:54:36.927+0530][gc,phases   ] GC(1)   Post Evacuate Collection Set: 0.3ms
[2026-04-30T11:54:36.927+0530][gc,phases   ] GC(1)   Other: 0.2ms
[2026-04-30T11:54:36.927+0530][gc,heap     ] GC(1) Eden regions: 17->0(49)
[2026-04-30T11:54:36.927+0530][gc,heap     ] GC(1) Survivor regions: 7->2(7)
[2026-04-30T11:54:36.927+0530][gc,heap     ] GC(1) Old regions: 1->8
[2026-04-30T11:54:36.927+0530][gc,heap     ] GC(1) Archive regions: 2->2
[2026-04-30T11:54:36.927+0530][gc,heap     ] GC(1) Humongous regions: 129->129
[2026-04-30T11:54:36.927+0530][gc,metaspace] GC(1) Metaspace: 21343K(21504K)->21343K(21504K) NonClass: 18739K(18816K)->18739K(18816K) Class: 2604K(2688K)->2604K(2688K)
[2026-04-30T11:54:36.927+0530][gc          ] GC(1) Pause Young (Concurrent Start) (Metadata GC Threshold) 154M->139M(1024M) 6.184ms
[2026-04-30T11:54:36.927+0530][gc,cpu      ] GC(1) User=0.03s Sys=0.01s Real=0.00s
[2026-04-30T11:54:36.927+0530][gc          ] GC(2) Concurrent Mark Cycle
[2026-04-30T11:54:36.927+0530][gc,marking  ] GC(2) Concurrent Clear Claimed Marks
[2026-04-30T11:54:36.927+0530][gc,marking  ] GC(2) Concurrent Clear Claimed Marks 0.023ms
[2026-04-30T11:54:36.927+0530][gc,marking  ] GC(2) Concurrent Scan Root Regions
[2026-04-30T11:54:36.930+0530][gc,marking  ] GC(2) Concurrent Scan Root Regions 2.335ms
[2026-04-30T11:54:36.930+0530][gc,marking  ] GC(2) Concurrent Mark
[2026-04-30T11:54:36.930+0530][gc,marking  ] GC(2) Concurrent Mark From Roots
[2026-04-30T11:54:36.930+0530][gc,task     ] GC(2) Using 2 workers of 2 for marking
[2026-04-30T11:54:36.932+0530][gc,marking  ] GC(2) Concurrent Mark From Roots 2.259ms
[2026-04-30T11:54:36.932+0530][gc,marking  ] GC(2) Concurrent Preclean
[2026-04-30T11:54:36.932+0530][gc,marking  ] GC(2) Concurrent Preclean 0.029ms
[2026-04-30T11:54:36.932+0530][gc,start    ] GC(2) Pause Remark
[2026-04-30T11:54:36.934+0530][gc          ] GC(2) Pause Remark 140M->140M(1024M) 1.442ms
[2026-04-30T11:54:36.934+0530][gc,cpu      ] GC(2) User=0.00s Sys=0.00s Real=0.00s
[2026-04-30T11:54:36.934+0530][gc,marking  ] GC(2) Concurrent Mark 3.974ms
[2026-04-30T11:54:36.934+0530][gc,marking  ] GC(2) Concurrent Rebuild Remembered Sets
[2026-04-30T11:54:36.934+0530][gc,marking  ] GC(2) Concurrent Rebuild Remembered Sets 0.009ms
[2026-04-30T11:54:36.934+0530][gc,start    ] GC(2) Pause Cleanup
[2026-04-30T11:54:36.934+0530][gc          ] GC(2) Pause Cleanup 140M->140M(1024M) 0.030ms
[2026-04-30T11:54:36.934+0530][gc,cpu      ] GC(2) User=0.00s Sys=0.00s Real=0.00s
[2026-04-30T11:54:36.934+0530][gc,marking  ] GC(2) Concurrent Cleanup for Next Mark
[2026-04-30T11:54:36.940+0530][gc,marking  ] GC(2) Concurrent Cleanup for Next Mark 5.699ms
[2026-04-30T11:54:36.940+0530][gc          ] GC(2) Concurrent Mark Cycle 12.458ms
[2026-04-30T11:54:37.710+0530][gc,start    ] GC(3) Pause Young (Normal) (G1 Evacuation Pause)
[2026-04-30T11:54:37.710+0530][gc,task     ] GC(3) Using 8 workers of 8 for evacuation
[2026-04-30T11:54:37.715+0530][gc,phases   ] GC(3)   Pre Evacuate Collection Set: 0.1ms
[2026-04-30T11:54:37.715+0530][gc,phases   ] GC(3)   Merge Heap Roots: 0.1ms
[2026-04-30T11:54:37.715+0530][gc,phases   ] GC(3)   Evacuate Collection Set: 4.3ms
[2026-04-30T11:54:37.715+0530][gc,phases   ] GC(3)   Post Evacuate Collection Set: 0.4ms
[2026-04-30T11:54:37.715+0530][gc,phases   ] GC(3)   Other: 0.1ms
[2026-04-30T11:54:37.715+0530][gc,heap     ] GC(3) Eden regions: 49->0(44)
[2026-04-30T11:54:37.715+0530][gc,heap     ] GC(3) Survivor regions: 2->7(7)
[2026-04-30T11:54:37.715+0530][gc,heap     ] GC(3) Old regions: 8->8
[2026-04-30T11:54:37.715+0530][gc,heap     ] GC(3) Archive regions: 2->2
[2026-04-30T11:54:37.715+0530][gc,heap     ] GC(3) Humongous regions: 129->129
[2026-04-30T11:54:37.715+0530][gc,metaspace] GC(3) Metaspace: 32561K(32832K)->32561K(32832K) NonClass: 28939K(29120K)->28939K(29120K) Class: 3621K(3712K)->3621K(3712K)
[2026-04-30T11:54:37.716+0530][gc          ] GC(3) Pause Young (Normal) (G1 Evacuation Pause) 188M->144M(1024M) 5.066ms
[2026-04-30T11:54:37.716+0530][gc,cpu      ] GC(3) User=0.02s Sys=0.00s Real=0.00s
[2026-04-30T11:55:06.818+0530][gc,start    ] GC(4) Pause Young (Concurrent Start) (Metadata GC Threshold)
[2026-04-30T11:55:06.820+0530][gc,task     ] GC(4) Using 8 workers of 8 for evacuation
[2026-04-30T11:55:06.828+0530][gc,phases   ] GC(4)   Pre Evacuate Collection Set: 0.2ms
[2026-04-30T11:55:06.828+0530][gc,phases   ] GC(4)   Merge Heap Roots: 0.1ms
[2026-04-30T11:55:06.828+0530][gc,phases   ] GC(4)   Evacuate Collection Set: 6.3ms
[2026-04-30T11:55:06.828+0530][gc,phases   ] GC(4)   Post Evacuate Collection Set: 0.4ms
[2026-04-30T11:55:06.828+0530][gc,phases   ] GC(4)   Other: 2.3ms
[2026-04-30T11:55:06.828+0530][gc,heap     ] GC(4) Eden regions: 15->0(49)
[2026-04-30T11:55:06.828+0530][gc,heap     ] GC(4) Survivor regions: 7->2(7)
[2026-04-30T11:55:06.828+0530][gc,heap     ] GC(4) Old regions: 8->15
[2026-04-30T11:55:06.828+0530][gc,heap     ] GC(4) Archive regions: 2->2
[2026-04-30T11:55:06.828+0530][gc,heap     ] GC(4) Humongous regions: 129->129
[2026-04-30T11:55:06.828+0530][gc,metaspace] GC(4) Metaspace: 35679K(35968K)->35679K(35968K) NonClass: 31687K(31808K)->31687K(31808K) Class: 3992K(4160K)->3992K(4160K)
[2026-04-30T11:55:06.828+0530][gc          ] GC(4) Pause Young (Concurrent Start) (Metadata GC Threshold) 158M->145M(1024M) 9.636ms
[2026-04-30T11:55:06.828+0530][gc,cpu      ] GC(4) User=0.05s Sys=0.01s Real=0.01s
[2026-04-30T11:55:06.828+0530][gc          ] GC(5) Concurrent Mark Cycle
[2026-04-30T11:55:06.828+0530][gc,marking  ] GC(5) Concurrent Clear Claimed Marks
[2026-04-30T11:55:06.828+0530][gc,marking  ] GC(5) Concurrent Clear Claimed Marks 0.046ms
[2026-04-30T11:55:06.828+0530][gc,marking  ] GC(5) Concurrent Scan Root Regions
[2026-04-30T11:55:06.833+0530][gc,marking  ] GC(5) Concurrent Scan Root Regions 4.569ms
[2026-04-30T11:55:06.843+0530][gc,marking  ] GC(5) Concurrent Mark
[2026-04-30T11:55:06.843+0530][gc,marking  ] GC(5) Concurrent Mark From Roots
[2026-04-30T11:55:06.843+0530][gc,task     ] GC(5) Using 2 workers of 2 for marking
[2026-04-30T11:55:06.851+0530][gc,marking  ] GC(5) Concurrent Mark From Roots 7.689ms
[2026-04-30T11:55:06.854+0530][gc,marking  ] GC(5) Concurrent Preclean
[2026-04-30T11:55:06.855+0530][gc,marking  ] GC(5) Concurrent Preclean 0.147ms
[2026-04-30T11:55:06.855+0530][gc,start    ] GC(5) Pause Remark
[2026-04-30T11:55:06.857+0530][gc          ] GC(5) Pause Remark 146M->146M(1024M) 1.855ms
[2026-04-30T11:55:06.857+0530][gc,cpu      ] GC(5) User=0.00s Sys=0.00s Real=0.00s
[2026-04-30T11:55:06.857+0530][gc,marking  ] GC(5) Concurrent Mark 14.181ms
[2026-04-30T11:55:06.857+0530][gc,marking  ] GC(5) Concurrent Rebuild Remembered Sets
[2026-04-30T11:55:06.864+0530][gc,marking  ] GC(5) Concurrent Rebuild Remembered Sets 6.547ms
[2026-04-30T11:55:06.864+0530][gc,start    ] GC(5) Pause Cleanup
[2026-04-30T11:55:06.864+0530][gc          ] GC(5) Pause Cleanup 146M->146M(1024M) 0.118ms
[2026-04-30T11:55:06.864+0530][gc,cpu      ] GC(5) User=0.01s Sys=0.00s Real=0.00s
[2026-04-30T11:55:06.864+0530][gc,marking  ] GC(5) Concurrent Cleanup for Next Mark
[2026-04-30T11:55:06.869+0530][gc,marking  ] GC(5) Concurrent Cleanup for Next Mark 4.808ms
[2026-04-30T11:55:06.869+0530][gc          ] GC(5) Concurrent Mark Cycle 40.767ms
[2026-04-30T12:12:31.587+0530][gc,start    ] GC(6) Pause Young (Normal) (G1 Evacuation Pause)
[2026-04-30T12:12:31.589+0530][gc,task     ] GC(6) Using 8 workers of 8 for evacuation
[2026-04-30T12:12:31.594+0530][gc,phases   ] GC(6)   Pre Evacuate Collection Set: 0.2ms
[2026-04-30T12:12:31.594+0530][gc,phases   ] GC(6)   Merge Heap Roots: 0.1ms
[2026-04-30T12:12:31.594+0530][gc,phases   ] GC(6)   Evacuate Collection Set: 4.2ms
[2026-04-30T12:12:31.594+0530][gc,phases   ] GC(6)   Post Evacuate Collection Set: 0.5ms
[2026-04-30T12:12:31.594+0530][gc,phases   ] GC(6)   Other: 2.1ms
[2026-04-30T12:12:31.595+0530][gc,heap     ] GC(6) Eden regions: 49->0(47)
[2026-04-30T12:12:31.595+0530][gc,heap     ] GC(6) Survivor regions: 2->4(7)
[2026-04-30T12:12:31.595+0530][gc,heap     ] GC(6) Old regions: 15->15
[2026-04-30T12:12:31.595+0530][gc,heap     ] GC(6) Archive regions: 2->2
[2026-04-30T12:12:31.595+0530][gc,heap     ] GC(6) Humongous regions: 129->129
[2026-04-30T12:12:31.595+0530][gc,metaspace] GC(6) Metaspace: 41290K(41792K)->41290K(41792K) NonClass: 36486K(36736K)->36486K(36736K) Class: 4803K(5056K)->4803K(5056K)
[2026-04-30T12:12:31.595+0530][gc          ] GC(6) Pause Young (Normal) (G1 Evacuation Pause) 194M->148M(1024M) 7.127ms
[2026-04-30T12:12:31.595+0530][gc,cpu      ] GC(6) User=0.03s Sys=0.00s Real=0.01s
[2026-04-30T12:19:43.702+0530][gc,start    ] GC(7) Pause Young (Normal) (G1 Evacuation Pause)
[2026-04-30T12:19:43.704+0530][gc,task     ] GC(7) Using 8 workers of 8 for evacuation
[2026-04-30T12:19:43.708+0530][gc,phases   ] GC(7)   Pre Evacuate Collection Set: 0.2ms
[2026-04-30T12:19:43.708+0530][gc,phases   ] GC(7)   Merge Heap Roots: 0.1ms
[2026-04-30T12:19:43.708+0530][gc,phases   ] GC(7)   Evacuate Collection Set: 3.5ms
[2026-04-30T12:19:43.708+0530][gc,phases   ] GC(7)   Post Evacuate Collection Set: 0.5ms
[2026-04-30T12:19:43.708+0530][gc,phases   ] GC(7)   Other: 2.0ms
[2026-04-30T12:19:43.708+0530][gc,heap     ] GC(7) Eden regions: 47->0(47)
[2026-04-30T12:19:43.708+0530][gc,heap     ] GC(7) Survivor regions: 4->4(7)
[2026-04-30T12:19:43.708+0530][gc,heap     ] GC(7) Old regions: 15->15
[2026-04-30T12:19:43.708+0530][gc,heap     ] GC(7) Archive regions: 2->2
[2026-04-30T12:19:43.708+0530][gc,heap     ] GC(7) Humongous regions: 129->129
[2026-04-30T12:19:43.708+0530][gc,metaspace] GC(7) Metaspace: 41585K(42112K)->41585K(42112K) NonClass: 36767K(37056K)->36767K(37056K) Class: 4818K(5056K)->4818K(5056K)
[2026-04-30T12:19:43.708+0530][gc          ] GC(7) Pause Young (Normal) (G1 Evacuation Pause) 195M->148M(1024M) 6.274ms
[2026-04-30T12:19:43.708+0530][gc,cpu      ] GC(7) User=0.03s Sys=0.00s Real=0.00s
[2026-04-30T12:27:16.938+0530][gc,start    ] GC(8) Pause Young (Normal) (G1 Evacuation Pause)
[2026-04-30T12:27:16.940+0530][gc,task     ] GC(8) Using 8 workers of 8 for evacuation
[2026-04-30T12:27:16.944+0530][gc,phases   ] GC(8)   Pre Evacuate Collection Set: 0.2ms
[2026-04-30T12:27:16.944+0530][gc,phases   ] GC(8)   Merge Heap Roots: 0.1ms
[2026-04-30T12:27:16.944+0530][gc,phases   ] GC(8)   Evacuate Collection Set: 4.0ms
[2026-04-30T12:27:16.944+0530][gc,phases   ] GC(8)   Post Evacuate Collection Set: 0.5ms
[2026-04-30T12:27:16.944+0530][gc,phases   ] GC(8)   Other: 2.0ms
[2026-04-30T12:27:16.945+0530][gc,heap     ] GC(8) Eden regions: 47->0(47)
[2026-04-30T12:27:16.945+0530][gc,heap     ] GC(8) Survivor regions: 4->4(7)
[2026-04-30T12:27:16.945+0530][gc,heap     ] GC(8) Old regions: 15->15
[2026-04-30T12:27:16.945+0530][gc,heap     ] GC(8) Archive regions: 2->2
[2026-04-30T12:27:16.945+0530][gc,heap     ] GC(8) Humongous regions: 129->129
[2026-04-30T12:27:16.945+0530][gc,metaspace] GC(8) Metaspace: 41690K(42176K)->41690K(42176K) NonClass: 36871K(37120K)->36871K(37120K) Class: 4818K(5056K)->4818K(5056K)
[2026-04-30T12:27:16.945+0530][gc          ] GC(8) Pause Young (Normal) (G1 Evacuation Pause) 195M->148M(1024M) 6.916ms
[2026-04-30T12:27:16.945+0530][gc,cpu      ] GC(8) User=0.03s Sys=0.01s Real=0.01s
[2026-04-30T12:35:03.125+0530][gc,start    ] GC(9) Pause Young (Normal) (G1 Evacuation Pause)
[2026-04-30T12:35:03.127+0530][gc,task     ] GC(9) Using 8 workers of 8 for evacuation
[2026-04-30T12:35:03.133+0530][gc,phases   ] GC(9)   Pre Evacuate Collection Set: 0.2ms
[2026-04-30T12:35:03.133+0530][gc,phases   ] GC(9)   Merge Heap Roots: 0.1ms
[2026-04-30T12:35:03.133+0530][gc,phases   ] GC(9)   Evacuate Collection Set: 5.2ms
[2026-04-30T12:35:03.133+0530][gc,phases   ] GC(9)   Post Evacuate Collection Set: 0.7ms
[2026-04-30T12:35:03.133+0530][gc,phases   ] GC(9)   Other: 2.3ms
[2026-04-30T12:35:03.133+0530][gc,heap     ] GC(9) Eden regions: 47->0(52)
[2026-04-30T12:35:03.133+0530][gc,heap     ] GC(9) Survivor regions: 4->5(7)
[2026-04-30T12:35:03.133+0530][gc,heap     ] GC(9) Old regions: 15->15
[2026-04-30T12:35:03.133+0530][gc,heap     ] GC(9) Archive regions: 2->2
[2026-04-30T12:35:03.133+0530][gc,heap     ] GC(9) Humongous regions: 129->129
[2026-04-30T12:35:03.133+0530][gc,metaspace] GC(9) Metaspace: 41765K(42240K)->41765K(42240K) NonClass: 36945K(37184K)->36945K(37184K) Class: 4819K(5056K)->4819K(5056K)
[2026-04-30T12:35:03.133+0530][gc          ] GC(9) Pause Young (Normal) (G1 Evacuation Pause) 195M->149M(1024M) 8.677ms
[2026-04-30T12:35:03.133+0530][gc,cpu      ] GC(9) User=0.04s Sys=0.01s Real=0.01s
[2026-04-30T12:45:30.639+0530][gc,start    ] GC(10) Pause Young (Normal) (G1 Evacuation Pause)
[2026-04-30T12:45:30.639+0530][gc,task     ] GC(10) Using 8 workers of 8 for evacuation
[2026-04-30T12:45:30.643+0530][gc,phases   ] GC(10)   Pre Evacuate Collection Set: 0.1ms
[2026-04-30T12:45:30.643+0530][gc,phases   ] GC(10)   Merge Heap Roots: 0.0ms
[2026-04-30T12:45:30.643+0530][gc,phases   ] GC(10)   Evacuate Collection Set: 3.8ms
[2026-04-30T12:45:30.643+0530][gc,phases   ] GC(10)   Post Evacuate Collection Set: 0.3ms
[2026-04-30T12:45:30.643+0530][gc,phases   ] GC(10)   Other: 0.3ms
[2026-04-30T12:45:30.643+0530][gc,heap     ] GC(10) Eden regions: 52->0(572)
[2026-04-30T12:45:30.643+0530][gc,heap     ] GC(10) Survivor regions: 5->3(8)
[2026-04-30T12:45:30.643+0530][gc,heap     ] GC(10) Old regions: 15->17
[2026-04-30T12:45:30.643+0530][gc,heap     ] GC(10) Archive regions: 2->2
[2026-04-30T12:45:30.643+0530][gc,heap     ] GC(10) Humongous regions: 129->129
[2026-04-30T12:45:30.643+0530][gc,metaspace] GC(10) Metaspace: 41817K(42304K)->41817K(42304K) NonClass: 36997K(37248K)->36997K(37248K) Class: 4819K(5056K)->4819K(5056K)
[2026-04-30T12:45:30.643+0530][gc          ] GC(10) Pause Young (Normal) (G1 Evacuation Pause) 201M->148M(1024M) 4.597ms
[2026-04-30T12:45:30.643+0530][gc,cpu      ] GC(10) User=0.02s Sys=0.01s Real=0.01s
[2026-04-30T13:15:58.439+0530][gc,heap,exit] Heap
[2026-04-30T13:15:58.439+0530][gc,heap,exit]  garbage-first heap   total 1048576K, used 372019K [0x00000007c0000000, 0x0000000800000000)
[2026-04-30T13:15:58.439+0530][gc,heap,exit]   region size 1024K, 218 young (223232K), 3 survivors (3072K)
[2026-04-30T13:15:58.439+0530][gc,heap,exit]  Metaspace       used 44871K, committed 45440K, reserved 1114112K
[2026-04-30T13:15:58.439+0530][gc,heap,exit]   class space    used 5403K, committed 5696K, reserved 1048576K
