[2026-04-30T13:17:42.412+0530][gc] Using G1
[2026-04-30T13:17:42.419+0530][gc,init] Version: 17.0.8+9-LTS-211 (release)
[2026-04-30T13:17:42.419+0530][gc,init] CPUs: 8 total, 8 available
[2026-04-30T13:17:42.419+0530][gc,init] Memory: 16384M
[2026-04-30T13:17:42.419+0530][gc,init] Large Page Support: Disabled
[2026-04-30T13:17:42.419+0530][gc,init] NUMA Support: Disabled
[2026-04-30T13:17:42.419+0530][gc,init] Compressed Oops: Enabled (Zero based)
[2026-04-30T13:17:42.419+0530][gc,init] Heap Region Size: 1M
[2026-04-30T13:17:42.419+0530][gc,init] Heap Min Capacity: 1G
[2026-04-30T13:17:42.419+0530][gc,init] Heap Initial Capacity: 1G
[2026-04-30T13:17:42.419+0530][gc,init] Heap Max Capacity: 1G
[2026-04-30T13:17:42.419+0530][gc,init] Pre-touch: Disabled
[2026-04-30T13:17:42.419+0530][gc,init] Parallel Workers: 8
[2026-04-30T13:17:42.419+0530][gc,init] Concurrent Workers: 2
[2026-04-30T13:17:42.419+0530][gc,init] Concurrent Refinement Workers: 8
[2026-04-30T13:17:42.419+0530][gc,init] Periodic GC: Disabled
[2026-04-30T13:17:42.428+0530][gc,metaspace] CDS archive(s) mapped at: [0x0000000128000000-0x0000000128be4000-0x0000000128be4000), size 12468224, SharedBaseAddress: 0x0000000128000000, ArchiveRelocationMode: 1.
[2026-04-30T13:17:42.429+0530][gc,metaspace] Compressed class space mapped at: 0x0000000129000000-0x0000000169000000, reserved size: 1073741824
[2026-04-30T13:17:42.429+0530][gc,metaspace] Narrow klass base: 0x0000000128000000, Narrow klass shift: 0, Narrow klass range: 0x100000000
[2026-04-30T13:17:43.914+0530][gc,start    ] GC(0) Pause Young (Normal) (G1 Evacuation Pause)
[2026-04-30T13:17:43.915+0530][gc,task     ] GC(0) Using 8 workers of 8 for evacuation
[2026-04-30T13:17:43.921+0530][gc,phases   ] GC(0)   Pre Evacuate Collection Set: 0.1ms
[2026-04-30T13:17:43.921+0530][gc,phases   ] GC(0)   Merge Heap Roots: 0.1ms
[2026-04-30T13:17:43.921+0530][gc,phases   ] GC(0)   Evacuate Collection Set: 5.0ms
[2026-04-30T13:17:43.921+0530][gc,phases   ] GC(0)   Post Evacuate Collection Set: 0.4ms
[2026-04-30T13:17:43.921+0530][gc,phases   ] GC(0)   Other: 0.7ms
[2026-04-30T13:17:43.921+0530][gc,heap     ] GC(0) Eden regions: 51->0(44)
[2026-04-30T13:17:43.921+0530][gc,heap     ] GC(0) Survivor regions: 0->7(7)
[2026-04-30T13:17:43.921+0530][gc,heap     ] GC(0) Old regions: 0->2
[2026-04-30T13:17:43.921+0530][gc,heap     ] GC(0) Archive regions: 2->2
[2026-04-30T13:17:43.921+0530][gc,heap     ] GC(0) Humongous regions: 0->0
[2026-04-30T13:17:43.921+0530][gc,metaspace] GC(0) Metaspace: 17155K(17344K)->17155K(17344K) NonClass: 15063K(15168K)->15063K(15168K) Class: 2092K(2176K)->2092K(2176K)
[2026-04-30T13:17:43.921+0530][gc          ] GC(0) Pause Young (Normal) (G1 Evacuation Pause) 51M->9M(1024M) 6.553ms
[2026-04-30T13:17:43.921+0530][gc,cpu      ] GC(0) User=0.02s Sys=0.01s Real=0.01s
[2026-04-30T13:17:44.218+0530][gc,start    ] GC(1) Pause Young (Concurrent Start) (Metadata GC Threshold)
[2026-04-30T13:17:44.218+0530][gc,task     ] GC(1) Using 8 workers of 8 for evacuation
[2026-04-30T13:17:44.223+0530][gc,phases   ] GC(1)   Pre Evacuate Collection Set: 0.1ms
[2026-04-30T13:17:44.223+0530][gc,phases   ] GC(1)   Merge Heap Roots: 0.1ms
[2026-04-30T13:17:44.223+0530][gc,phases   ] GC(1)   Evacuate Collection Set: 4.2ms
[2026-04-30T13:17:44.223+0530][gc,phases   ] GC(1)   Post Evacuate Collection Set: 0.4ms
[2026-04-30T13:17:44.224+0530][gc,phases   ] GC(1)   Other: 0.2ms
[2026-04-30T13:17:44.224+0530][gc,heap     ] GC(1) Eden regions: 16->0(50)
[2026-04-30T13:17:44.224+0530][gc,heap     ] GC(1) Survivor regions: 7->1(7)
[2026-04-30T13:17:44.224+0530][gc,heap     ] GC(1) Old regions: 2->8
[2026-04-30T13:17:44.224+0530][gc,heap     ] GC(1) Archive regions: 2->2
[2026-04-30T13:17:44.224+0530][gc,heap     ] GC(1) Humongous regions: 0->0
[2026-04-30T13:17:44.224+0530][gc,metaspace] GC(1) Metaspace: 21307K(21504K)->21307K(21504K) NonClass: 18682K(18752K)->18682K(18752K) Class: 2625K(2752K)->2625K(2752K)
[2026-04-30T13:17:44.224+0530][gc          ] GC(1) Pause Young (Concurrent Start) (Metadata GC Threshold) 25M->9M(1024M) 5.230ms
[2026-04-30T13:17:44.224+0530][gc,cpu      ] GC(1) User=0.02s Sys=0.01s Real=0.01s
[2026-04-30T13:17:44.224+0530][gc          ] GC(2) Concurrent Mark Cycle
[2026-04-30T13:17:44.224+0530][gc,marking  ] GC(2) Concurrent Clear Claimed Marks
[2026-04-30T13:17:44.224+0530][gc,marking  ] GC(2) Concurrent Clear Claimed Marks 0.018ms
[2026-04-30T13:17:44.224+0530][gc,marking  ] GC(2) Concurrent Scan Root Regions
[2026-04-30T13:17:44.226+0530][gc,marking  ] GC(2) Concurrent Scan Root Regions 2.020ms
[2026-04-30T13:17:44.226+0530][gc,marking  ] GC(2) Concurrent Mark
[2026-04-30T13:17:44.226+0530][gc,marking  ] GC(2) Concurrent Mark From Roots
[2026-04-30T13:17:44.226+0530][gc,task     ] GC(2) Using 2 workers of 2 for marking
[2026-04-30T13:17:44.228+0530][gc,marking  ] GC(2) Concurrent Mark From Roots 2.370ms
[2026-04-30T13:17:44.228+0530][gc,marking  ] GC(2) Concurrent Preclean
[2026-04-30T13:17:44.228+0530][gc,marking  ] GC(2) Concurrent Preclean 0.030ms
[2026-04-30T13:17:44.228+0530][gc,start    ] GC(2) Pause Remark
[2026-04-30T13:17:44.230+0530][gc          ] GC(2) Pause Remark 10M->10M(1024M) 1.502ms
[2026-04-30T13:17:44.230+0530][gc,cpu      ] GC(2) User=0.00s Sys=0.00s Real=0.01s
[2026-04-30T13:17:44.230+0530][gc,marking  ] GC(2) Concurrent Mark 4.136ms
[2026-04-30T13:17:44.230+0530][gc,marking  ] GC(2) Concurrent Rebuild Remembered Sets
[2026-04-30T13:17:44.230+0530][gc,marking  ] GC(2) Concurrent Rebuild Remembered Sets 0.008ms
[2026-04-30T13:17:44.230+0530][gc,start    ] GC(2) Pause Cleanup
[2026-04-30T13:17:44.230+0530][gc          ] GC(2) Pause Cleanup 10M->10M(1024M) 0.027ms
[2026-04-30T13:17:44.230+0530][gc,cpu      ] GC(2) User=0.00s Sys=0.00s Real=0.00s
[2026-04-30T13:17:44.230+0530][gc,marking  ] GC(2) Concurrent Cleanup for Next Mark
[2026-04-30T13:17:44.236+0530][gc,marking  ] GC(2) Concurrent Cleanup for Next Mark 6.151ms
[2026-04-30T13:17:44.236+0530][gc          ] GC(2) Concurrent Mark Cycle 12.790ms
[2026-04-30T13:17:45.068+0530][gc,start    ] GC(3) Pause Young (Normal) (G1 Evacuation Pause)
[2026-04-30T13:17:45.068+0530][gc,task     ] GC(3) Using 8 workers of 8 for evacuation
[2026-04-30T13:17:45.073+0530][gc,phases   ] GC(3)   Pre Evacuate Collection Set: 0.1ms
[2026-04-30T13:17:45.073+0530][gc,phases   ] GC(3)   Merge Heap Roots: 0.0ms
[2026-04-30T13:17:45.073+0530][gc,phases   ] GC(3)   Evacuate Collection Set: 4.4ms
[2026-04-30T13:17:45.073+0530][gc,phases   ] GC(3)   Post Evacuate Collection Set: 0.4ms
[2026-04-30T13:17:45.073+0530][gc,phases   ] GC(3)   Other: 0.1ms
[2026-04-30T13:17:45.073+0530][gc,heap     ] GC(3) Eden regions: 50->0(44)
[2026-04-30T13:17:45.073+0530][gc,heap     ] GC(3) Survivor regions: 1->7(7)
[2026-04-30T13:17:45.073+0530][gc,heap     ] GC(3) Old regions: 8->8
[2026-04-30T13:17:45.073+0530][gc,heap     ] GC(3) Archive regions: 2->2
[2026-04-30T13:17:45.073+0530][gc,heap     ] GC(3) Humongous regions: 129->129
[2026-04-30T13:17:45.073+0530][gc,metaspace] GC(3) Metaspace: 32561K(32768K)->32561K(32768K) NonClass: 28868K(28992K)->28868K(28992K) Class: 3693K(3776K)->3693K(3776K)
[2026-04-30T13:17:45.073+0530][gc          ] GC(3) Pause Young (Normal) (G1 Evacuation Pause) 188M->143M(1024M) 5.274ms
[2026-04-30T13:17:45.073+0530][gc,cpu      ] GC(3) User=0.03s Sys=0.00s Real=0.01s
[2026-04-30T13:17:45.260+0530][gc,start    ] GC(4) Pause Young (Concurrent Start) (Metadata GC Threshold)
[2026-04-30T13:17:45.260+0530][gc,task     ] GC(4) Using 8 workers of 8 for evacuation
[2026-04-30T13:17:45.265+0530][gc,phases   ] GC(4)   Pre Evacuate Collection Set: 0.2ms
[2026-04-30T13:17:45.265+0530][gc,phases   ] GC(4)   Merge Heap Roots: 0.1ms
[2026-04-30T13:17:45.265+0530][gc,phases   ] GC(4)   Evacuate Collection Set: 4.5ms
[2026-04-30T13:17:45.265+0530][gc,phases   ] GC(4)   Post Evacuate Collection Set: 0.3ms
[2026-04-30T13:17:45.265+0530][gc,phases   ] GC(4)   Other: 0.2ms
[2026-04-30T13:17:45.265+0530][gc,heap     ] GC(4) Eden regions: 15->0(49)
[2026-04-30T13:17:45.265+0530][gc,heap     ] GC(4) Survivor regions: 7->2(7)
[2026-04-30T13:17:45.265+0530][gc,heap     ] GC(4) Old regions: 8->14
[2026-04-30T13:17:45.265+0530][gc,heap     ] GC(4) Archive regions: 2->2
[2026-04-30T13:17:45.265+0530][gc,heap     ] GC(4) Humongous regions: 129->129
[2026-04-30T13:17:45.265+0530][gc,metaspace] GC(4) Metaspace: 35826K(36096K)->35826K(36096K) NonClass: 31835K(31936K)->31835K(31936K) Class: 3990K(4160K)->3990K(4160K)
[2026-04-30T13:17:45.265+0530][gc          ] GC(4) Pause Young (Concurrent Start) (Metadata GC Threshold) 158M->144M(1024M) 5.335ms
[2026-04-30T13:17:45.265+0530][gc,cpu      ] GC(4) User=0.03s Sys=0.01s Real=0.00s
[2026-04-30T13:17:45.265+0530][gc          ] GC(5) Concurrent Mark Cycle
[2026-04-30T13:17:45.265+0530][gc,marking  ] GC(5) Concurrent Clear Claimed Marks
[2026-04-30T13:17:45.265+0530][gc,marking  ] GC(5) Concurrent Clear Claimed Marks 0.017ms
[2026-04-30T13:17:45.265+0530][gc,marking  ] GC(5) Concurrent Scan Root Regions
[2026-04-30T13:17:45.268+0530][gc,marking  ] GC(5) Concurrent Scan Root Regions 2.732ms
[2026-04-30T13:17:45.268+0530][gc,marking  ] GC(5) Concurrent Mark
[2026-04-30T13:17:45.268+0530][gc,marking  ] GC(5) Concurrent Mark From Roots
[2026-04-30T13:17:45.268+0530][gc,task     ] GC(5) Using 2 workers of 2 for marking
[2026-04-30T13:17:45.274+0530][gc,marking  ] GC(5) Concurrent Mark From Roots 6.008ms
[2026-04-30T13:17:45.274+0530][gc,marking  ] GC(5) Concurrent Preclean
[2026-04-30T13:17:45.274+0530][gc,marking  ] GC(5) Concurrent Preclean 0.066ms
[2026-04-30T13:17:45.274+0530][gc,start    ] GC(5) Pause Remark
[2026-04-30T13:17:45.276+0530][gc          ] GC(5) Pause Remark 145M->145M(1024M) 1.152ms
[2026-04-30T13:17:45.276+0530][gc,cpu      ] GC(5) User=0.00s Sys=0.00s Real=0.00s
[2026-04-30T13:17:45.276+0530][gc,marking  ] GC(5) Concurrent Mark 7.531ms
[2026-04-30T13:17:45.276+0530][gc,marking  ] GC(5) Concurrent Rebuild Remembered Sets
[2026-04-30T13:17:45.280+0530][gc,marking  ] GC(5) Concurrent Rebuild Remembered Sets 4.586ms
[2026-04-30T13:17:45.280+0530][gc,start    ] GC(5) Pause Cleanup
[2026-04-30T13:17:45.281+0530][gc          ] GC(5) Pause Cleanup 146M->146M(1024M) 0.161ms
[2026-04-30T13:17:45.281+0530][gc,cpu      ] GC(5) User=0.00s Sys=0.00s Real=0.00s
[2026-04-30T13:17:45.281+0530][gc,marking  ] GC(5) Concurrent Cleanup for Next Mark
[2026-04-30T13:17:45.286+0530][gc,marking  ] GC(5) Concurrent Cleanup for Next Mark 5.356ms
[2026-04-30T13:17:45.286+0530][gc          ] GC(5) Concurrent Mark Cycle 20.769ms
[2026-04-30T13:20:19.833+0530][gc,heap,exit] Heap
[2026-04-30T13:20:19.833+0530][gc,heap,exit]  garbage-first heap   total 1048576K, used 180464K [0x00000007c0000000, 0x0000000800000000)
[2026-04-30T13:20:19.833+0530][gc,heap,exit]   region size 1024K, 34 young (34816K), 2 survivors (2048K)
[2026-04-30T13:20:19.833+0530][gc,heap,exit]  Metaspace       used 39954K, committed 40384K, reserved 1114112K
[2026-04-30T13:20:19.833+0530][gc,heap,exit]   class space    used 4685K, committed 4864K, reserved 1048576K
